// Jest Snapshot v1, https://goo.gl/fbAQLP

exports[`render expense item with expenses[1] 1`] = `
<Link
  className="list-item"
  replace={false}
  to="/edit/2"
>
  <div>
    <h3
      className="list-item__title"
    >
      breakfast
    </h3>
     
    <span
      className="list-item__sub-title"
    >
      Sun 28 Dec, 1969
    </span>
  </div>
  <h3
    className="list-item__date"
  >
    $200.65
  </h3>
</Link>
`;
